// Jest Snapshot v1, https://goo.gl/fbAQLP

exports[`renders correctly 1`] = `
<body>
  <div>
    <div
      class="Box"
    >
      <h1>
        Some title
      </h1>
      <p>
        Some cool text
      </p>
    </div>
  </div>
</body>
`;
