// Jest Snapshot v1, https://goo.gl/fbAQLP

exports[`renders correctly 1`] = `
<body>
  <div>
    <a
      class="UserLink"
      href="/@username"
    >
      @username
    </a>
  </div>
</body>
`;
